[33m❯[39m Building...
[32m✔[39m Building...
[1mInitial chunk files[22m  [2m | [22m[1mNames[22m        [2m | [22m [1mRaw size[22m[2m | [22m[1mEstimated transfer size[22m
[32mmain-P3UTSFJN.js[39m     [2m | [22m[2mmain[22m         [2m | [22m[36m521.81 kB[39m[2m | [22m              [36m108.51 kB[39m
[32mchunk-LCXI6MGI.js[39m    [2m | [22m[2m-[22m            [2m | [22m[36m154.95 kB[39m[2m | [22m               [36m45.93 kB[39m
[32mstyles-ECDXNIWT.css[39m  [2m | [22m[2mstyles[22m       [2m | [22m[36m119.32 kB[39m[2m | [22m                [36m9.58 kB[39m
[32mpolyfills-6ISPNSXF.js[39m[2m | [22m[2mpolyfills[22m    [2m | [22m [36m35.68 kB[39m[2m | [22m               [36m11.57 kB[39m

[1m [22m                    [2m | [22m[1mInitial total[22m[2m | [22m[1m[93m831.76 kB[39m[22m[2m | [22m              [1m175.59 kB[22m

[1mLazy chunk files[22m     [2m | [22m[1mNames[22m        [2m | [22m [1mRaw size[22m[2m | [22m[1mEstimated transfer size[22m
[32mchunk-KMSRWIHI.js[39m    [2m | [22m[2mbrowser[22m      [2m | [22m [36m67.75 kB[39m[2m | [22m               [36m17.78 kB[39m

Application bundle generation complete. [5.153 seconds] - 2026-02-15T07:38:44.732Z

node.exe : [1m[33m[33m▲ 
[43;33m[[43;30mWARNING[43;
33m][0m [1mbundle initial 
exceeded maximum budget. 
Budget 500.00 kB was not 
met by 331.76 kB with a 
total of 831.76 kB.[0m
At line:1 char:1
+ & "C:\Program 
Files\nodejs/node.exe" 
"C:\Program 
Files\nodejs/node_mo ...
+ ~~~~~~~~~~~~~~~~~~~~~~~~~~
~~~~~~~~~~~~~~~~~~~~~~~~~~~~
~~~~~~~~~~~~~~~
    + CategoryInfo          
    : NotSpecified: ([1m  
  [33m[33m▲... 831.76 kB   
 .[0m:String) [], Remot    
eException
    + FullyQualifiedErrorId 
    : NativeCommandError
 


[33m▲ [43;33m[[43;30mWARN
ING[43;33m][0m [1msrc/app
/components/hero/hero.scss 
exceeded maximum budget. 
Budget 4.00 kB was not met 
by 956 bytes with a total 
of 4.96 kB.[0m


[33m▲ [43;33m[[43;30mWARN
ING[43;33m][0m [1mModule 
'aos' used by 
'src/app/app.ts' is not 
ESM[0m

  CommonJS or AMD 
dependencies can cause 
optimization bailouts.
  For more information see: 
[4mhttps://angular.dev/tool
s/cli/build#configuring-comm
onjs-dependencies[0m

[39m[22m
Output location: D:\Portfolio\portfolio-website\dist\portfolio-website

